ASxxxx Linker V03.00 + NoICE + sdld,  page 1.
Hexadecimal  [32-Bits]

Area                                    Addr        Size        Decimal Bytes (Attributes)
--------------------------------        ----        ----        ------- ----- ------------
.  .ABS.                            00000000    00000000 =           0. bytes (ABS,CON)

      Value  Global                              Global Defined In Module
      -----  --------------------------------   ------------------------
     00000000  .__.ABS.                           cpct_sprites
     00000000  l__CABS                         
     00000000  l__DABS                         
     00000000  l__GSFINAL                      
     00000000  l__GSINIT                       
     00000000  l__HOME                         
     00000000  l__INITIALIZED                  
     00000000  l__INITIALIZER                  
     00000000  l__g_tablatrans_                
     00000000  s__CABS                         
     00000000  s__CABS0                        
     00000000  s__CABS1                        
     00000000  s__DABS                         
     00000000  s__g_tablatrans_                
     00000000  s__g_tablatrans_0               
     00000061  l__CABS0                        
     00000061  l__CABS1                        
     00000100  l__g_tablatrans_0               
     00000C27  l__DATA                         
     0000116A  l__CSEG                         
     00002000  s__CODE                         
     000052B7  l__CODE                         
     000072B7  s__DATA                         
     00007EDE  s__CSEG                         
     00007EDE  s__GSFINAL                      
     00007EDE  s__GSINIT                       
     00007EDE  s__HOME                         
     00007EDE  s__INITIALIZED                  
     00007EDE  s__INITIALIZER                  

ASxxxx Linker V03.00 + NoICE + sdld,  page 2.
Hexadecimal  [32-Bits]

Area                                    Addr        Size        Decimal Bytes (Attributes)
--------------------------------        ----        ----        ------- ----- ------------
_CODE                               00002000    000052B7 =       21175. bytes (REL,CON)

      Value  Global                              Global Defined In Module
      -----  --------------------------------   ------------------------
     00002000  _g_map3                            map3
     000026E0  _g_map2                            map2
     00002DC0  _g_map1                            map1
     000034A0  _g_knifeY_0                        knifeY
     000034B0  _g_knifeY_1                        knifeY
     000034C0  _g_knifeX_0                        knifeX
     000034D0  _g_knifeX_1                        knifeX
     000034E0  _g_tileset                         tiles
     00003508  _g_tiles_00                        tiles
     00003510  _g_tiles_01                        tiles
     00003518  _g_tiles_02                        tiles
     00003520  _g_tiles_03                        tiles
     00003528  _g_tiles_04                        tiles
     00003530  _g_tiles_05                        tiles
     00003538  _g_tiles_06                        tiles
     00003540  _g_tiles_07                        tiles
     00003548  _g_tiles_08                        tiles
     00003550  _g_tiles_09                        tiles
     00003558  _g_tiles_10                        tiles
     00003560  _g_tiles_11                        tiles
     00003568  _g_tiles_12                        tiles
     00003570  _g_tiles_13                        tiles
     00003578  _g_tiles_14                        tiles
     00003580  _g_tiles_15                        tiles
     00003588  _g_tiles_16                        tiles
     00003590  _g_tiles_17                        tiles
     00003598  _g_tiles_18                        tiles
     000035A0  _g_tiles_19                        tiles
     000035A8  _g_explosion                       explosion
     00003600  _g_text_0                          text
     00004730  _g_text_1                          text
     00005860  _g_heart                           heart
     00005872  _g_enemy                           enemy
     000058CA  _g_hero_down                       hero_down
     00005964  _g_hero_up                         hero_up
     000059FE  _g_hero_left                       hero_left
     00005A98  _g_palette                         hero
     00005AA8  _g_hero                            hero
     00005B42  _abs                               pathfinding
     00005B42  _dummy_cpct_transparentMaskTable   main
     00005B82  _bitWeights                        pathfinding
     00005B92  _getBit                            pathfinding
     00005BDD  _setBit                            pathfinding
     00005C57  _anyadirALista                     pathfinding
     00005C95  _adjacentTiles                     pathfinding
     000061A6  _pathFinding                       pathfinding
     000064FB  _g_tiles2_00                       tiles2
     00006503  _g_tiles2_01                       tiles2
     0000650B  _g_tiles2_02                       tiles2
     00006513  _g_tiles2_03                       tiles2
ASxxxx Linker V03.00 + NoICE + sdld,  page 3.
Hexadecimal  [32-Bits]

Area                                    Addr        Size        Decimal Bytes (Attributes)
--------------------------------        ----        ----        ------- ----- ------------
_CODE                               00002000    000052B7 =       21175. bytes (REL,CON)

      Value  Global                              Global Defined In Module
      -----  --------------------------------   ------------------------
     0000651B  _g_tiles2_04                       tiles2
     00006523  _g_tiles2_05                       tiles2
     0000652B  _g_tiles2_06                       tiles2
     00006533  _g_tiles2_07                       tiles2
     0000653B  _g_tiles2_08                       tiles2
     00006543  _g_tiles2_09                       tiles2
     0000654B  _g_tiles3_00                       tiles3
     00006553  _g_tiles3_01                       tiles3
     0000655B  _g_tiles3_02                       tiles3
     00006563  _g_tiles3_03                       tiles3
     0000656B  _g_tiles3_04                       tiles3
     00006573  _g_tiles3_05                       tiles3
     0000657B  _g_tiles3_06                       tiles3
     00006583  _g_tiles3_07                       tiles3
     0000658B  _g_tiles3_08                       tiles3
     00006593  _g_tiles3_09                       tiles3
     0000659B  _cpct_setPalette                   cpct_video
     000065B2  _cpct_isKeyPressed                 cpct_keyboard
     000065B2  cpct_isKeyPressed_asm              cpct_keyboard
     000065BE  _cpct_scanKeyboard_f               cpct_keyboard
     000065BE  cpct_scanKeyboard_f_asm            cpct_keyboard
     00006628  _cpct_setPALColour                 cpct_video
     00006634  _cpct_drawStringM0                 cpct_strings
     0000663C  cpct_drawStringM0_asm              cpct_strings
     00006658  _cpct_drawSprite                   cpct_sprites
     000066FD  _cpct_etm_drawTileBox2x4           cpct_easytilemaps
     0000678C  _cpct_etm_setTileset2x4            cpct_easytilemaps
     0000678C  cpct_etm_setTileset2x4_asm         cpct_easytilemaps
     00006790  __moduchar                         
     0000679C  __moduint                          
     000067A7  _cpct_drawCharM0                   cpct_strings
     000067B4  cpct_drawCharM0_asm                cpct_strings
     00006834  _cpct_keyboardStatusBuffer         cpct_keyboard
     0000683E  __divuint                          
     00006846  __divuchar                         
     0000684D  __divu8                            
     00006850  __divu16                           
     0000687F  _cpct_etm_drawTileRow2x4           cpct_easytilemaps
     00006886  cpct_etm_drawTileRow2x4_asm        cpct_easytilemaps
     00006888  dtr_restore_ptileset               cpct_easytilemaps
     000068A0  _cpct_isAnyKeyPressed              cpct_keyboard
     000068A0  cpct_isAnyKeyPressed_asm           cpct_keyboard
     000068AD  _cpct_scanKeyboard_if              cpct_keyboard
     000068AD  cpct_scanKeyboard_if_asm           cpct_keyboard
     00006915  _cpct_waitVSYNC                    cpct_video
     00006915  cpct_waitVSYNC_asm                 cpct_video
     0000691D  _cpct_setVideoMode                 cpct_video
     0000692B  dc_mode0_ct                        cpct_strings
     0000693B  _cpct_memset                       cpct_memutils
     00006949  _cpct_akp_digidrumStatus           cpct_audio
     0000694A  _cpct_akp_songLoopTimes            cpct_audio
ASxxxx Linker V03.00 + NoICE + sdld,  page 4.
Hexadecimal  [32-Bits]

Area                                    Addr        Size        Decimal Bytes (Attributes)
--------------------------------        ----        ----        ------- ----- ------------
_CODE                               00002000    000052B7 =       21175. bytes (REL,CON)

      Value  Global                              Global Defined In Module
      -----  --------------------------------   ------------------------
     0000694B  _cpct_akp_musicPlay                cpct_audio
     0000694B  cpct_akp_musicPlay_asm             cpct_audio
     0000704E  _cpct_akp_musicInit                cpct_audio
     00007055  cpct_akp_musicInit_asm             cpct_audio
     000070AE  _cpct_akp_stop                     cpct_audio
     000070AE  cpct_akp_stop_asm                  cpct_audio
     000070C1  _cpct_akp_SFXGetInstrument         cpct_audio
     000070C6  cpct_akp_SFXGetInstrument_asm      cpct_audio
     000070DA  _cpct_akp_SFXInit                  cpct_audio
     000070E1  cpct_akp_SFXInit_asm               cpct_audio
     000070E8  _cpct_akp_SFXStopAll               cpct_audio
     000070E8  cpct_akp_SFXStopAll_asm            cpct_audio
     000070F5  _cpct_akp_SFXPlay                  cpct_audio
     00007107  cpct_akp_SFXPlay_asm               cpct_audio
     00007154  _cpct_akp_SFXStop                  cpct_audio
     00007159  cpct_akp_SFXStop_asm               cpct_audio
     00007172  _cpct_disableFirmware              cpct_firmware
     00007172  _cpct_removeInterruptHandler       cpct_firmware
     00007172  cpct_disableFirmware_asm           cpct_firmware
     00007172  cpct_removeInterruptHandler_asm    cpct_firmware
     00007182  _cpct_drawSolidBox                 cpct_sprites
     0000723A  cpct_drawTileAligned2x4_f_asm      cpct_sprites
     0000725B  _cpct_mode_rom_status              cpct_firmware
     0000725C  _cpct_getScreenPtr                 cpct_video
     0000727C  _cpct_drawSpriteMaskedAlignedTab   cpct_sprites
ASxxxx Linker V03.00 + NoICE + sdld,  page 5.
Hexadecimal  [32-Bits]

Area                                    Addr        Size        Decimal Bytes (Attributes)
--------------------------------        ----        ----        ------- ----- ------------
_DATA                               000072B7    00000C27 =        3111. bytes (REL,CON)

      Value  Global                              Global Defined In Module
      -----  --------------------------------   ------------------------
     000072B7  _EMirar                            main
     000072B8  _EEje                              main
     000072B9  _enemy                             main
     000077A1  _prota                             main
     000077A9  _cu                                main
     000077B3  _iter                              main
     000077B4  _mapa                              main
     000077B6  _num_mapa                          main
     000077B7  _sol_tam                           pathfinding
     000077B8  _sol_matriz                        pathfinding
     00007E98  _camino                            pathfinding

ASxxxx Linker V03.00 + NoICE + sdld,  page 6.
Hexadecimal  [32-Bits]

Area                                    Addr        Size        Decimal Bytes (Attributes)
--------------------------------        ----        ----        ------- ----- ------------
_g_tablatrans_0                     00000000    00000100 =         256. bytes (ABS,CON)

      Value  Global                              Global Defined In Module
      -----  --------------------------------   ------------------------
     00001E00  _g_tablatrans                      main

ASxxxx Linker V03.00 + NoICE + sdld,  page 7.
Hexadecimal  [32-Bits]

Area                                    Addr        Size        Decimal Bytes (Attributes)
--------------------------------        ----        ----        ------- ----- ------------
_CSEG                               00007EDE    0000116A =        4458. bytes (REL,CON)

      Value  Global                              Global Defined In Module
      -----  --------------------------------   ------------------------
     00007EDE  _dibujarMapa                       main
     00007EF4  _mapas                             main
     00007EFA  _spawnX                            main
     00007EFF  _spawnY                            main
     00007F04  _dibujarProta                      main
     00007F2A  _borrarProta                       main
     00007F9E  _menuFin                           main
     00007FD5  _redibujarProta                    main
     00007FE9  _getTilePtr                        main
     0000802A  _checkCollision                    main
     0000817F  _dibujarEnemigo                    main
     000081B7  _dibujarExplosion                  main
     000081EB  _borrarExplosion                   main
     0000825F  _borrarEnemigo                     main
     000082F3  _redibujarEnemigo                  main
     00008324  _checkEnemyCollision               main
     000086F4  _moverEnemigoArriba                main
     00008713  _moverEnemigoAbajo                 main
     00008732  _moverEnemigoDerecha               main
     00008742  _moverEnemigoIzquierda             main
     00008754  _moverEnemigo                      main
     000087D5  _avanzarMapa                       main
     00008814  _moverIzquierda                    main
     00008839  _moverDerecha                      main
     0000887F  _moverArriba                       main
     000088A3  _moverAbajo                        main
     000088C7  _dibujarCuchillo                   main
     0000892B  _borrarCuchillo                    main
     000089A9  _redibujarCuchillo                 main
     000089BD  _lanzarCuchillo                    main
     00008AD9  _comprobarTeclado                  main
     00008B1A  _checkKnifeCollision               main
     00008B3C  _moverCuchillo                     main
     00008BE1  _barraPuntuacionInicial            main
     00008CA3  _borrarPantallaArriba              main
     00008CF6  _menuInicio                        main
     00008DD2  _inicializarCPC                    main
     00008DF5  _inicializarEnemy                  main
     00008EA7  _inicializarJuego                  main
     00008F22  _main                              main

ASxxxx Linker V03.00 + NoICE + sdld,  page 8.
Hexadecimal  [32-Bits]

Area                                    Addr        Size        Decimal Bytes (Attributes)
--------------------------------        ----        ----        ------- ----- ------------
_CABS1                              00000000    00000061 =          97. bytes (ABS,CON)

      Value  Global                              Global Defined In Module
      -----  --------------------------------   ------------------------
ASxxxx Linker V03.00 + NoICE + sdld,  page 9.
Hexadecimal  [32-Bits]

Area                                    Addr        Size        Decimal Bytes (Attributes)
--------------------------------        ----        ----        ------- ----- ------------
_CABS0                              00000000    00000061 =          97. bytes (ABS,CON)

      Value  Global                              Global Defined In Module
      -----  --------------------------------   ------------------------
     00001F00  _G_song                            song

ASxxxx Linker V03.00 + NoICE + sdld,  page 10.

Files Linked                              [ module(s) ]

obj/map3.rel                              [ map3 ]
obj/map2.rel                              [ map2 ]
obj/map1.rel                              [ map1 ]
obj/knifeY.rel                            [ knifeY ]
obj/knifeX.rel                            [ knifeX ]
obj/tiles.rel                             [ tiles ]
obj/explosion.rel                         [ explosion ]
obj/text.rel                              [ text ]
obj/heart.rel                             [ heart ]
obj/enemy.rel                             [ enemy ]
obj/hero_down.rel                         [ hero_down ]
obj/hero_up.rel                           [ hero_up ]
obj/hero_left.rel                         [ hero_left ]
obj/hero.rel                              [ hero ]
obj/enemystruct.rel                       [ enemystruct ]
obj/main.rel                              [ main ]
obj/pathfinding.rel                       [ pathfinding ]
obj/song.rel                              [ song ]
obj/tiles2.rel                            [ tiles2 ]
obj/tiles3.rel                            [ tiles3 ]


Libraries Linked                          [ object file ]

/home/sstuff/cpctelera/cpctelera/cpctelera.lib
                                          [ cpct_setPalette_cbindings.rel ]
/home/sstuff/cpctelera/cpctelera/cpctelera.lib
                                          [ cpct_isKeyPressed.rel ]
/home/sstuff/cpctelera/cpctelera/cpctelera.lib
                                          [ cpct_scanKeyboard_f.rel ]
/home/sstuff/cpctelera/cpctelera/cpctelera.lib
                                          [ cpct_setPALColour_cbindings.rel ]
/home/sstuff/cpctelera/cpctelera/cpctelera.lib
                                          [ cpct_drawStringM0.rel ]
/home/sstuff/cpctelera/cpctelera/cpctelera.lib
                                          [ cpct_drawSprite_cbindings.rel ]
/home/sstuff/cpctelera/cpctelera/cpctelera.lib
                                          [ cpct_etm_drawTileBox2x4_cbinding ]
/home/sstuff/cpctelera/cpctelera/cpctelera.lib
                                          [ cpct_etm_setTileset2x4.rel ]
/home/sstuff/cpctelera/cpctelera/tools/sdcc-3.5.5/bin/../share/sdcc/lib/z80/z80.lib
                                          [ modunsigned.rel ]
/home/sstuff/cpctelera/cpctelera/cpctelera.lib
                                          [ cpct_drawCharM0.rel ]
/home/sstuff/cpctelera/cpctelera/cpctelera.lib
                                          [ keyboard.rel ]
/home/sstuff/cpctelera/cpctelera/tools/sdcc-3.5.5/bin/../share/sdcc/lib/z80/z80.lib
                                          [ divunsigned.rel ]
/home/sstuff/cpctelera/cpctelera/cpctelera.lib
                                          [ cpct_etm_drawTileRow2x4.rel ]
/home/sstuff/cpctelera/cpctelera/cpctelera.lib
                                          [ cpct_isAnyKeyPressed.rel ]
/home/sstuff/cpctelera/cpctelera/cpctelera.lib
                                          [ cpct_scanKeyboard_if.rel ]
/home/sstuff/cpctelera/cpctelera/cpctelera.lib
                                          [ cpct_waitVSYNC.rel ]
/home/sstuff/cpctelera/cpctelera/cpctelera.lib
                                          [ cpct_setVideoMode_cbindings.rel ]
/home/sstuff/cpctelera/cpctelera/cpctelera.lib
                                          [ cpct_dc_mode0_ct.rel ]
/home/sstuff/cpctelera/cpctelera/cpctelera.lib
                                          [ cpct_memset_cbinding.rel ]
/home/sstuff/cpctelera/cpctelera/cpctelera.lib
                                          [ arkostracker.rel ]
/home/sstuff/cpctelera/cpctelera/cpctelera.lib
                                          [ cpct_removeInterruptHandler.rel ]
/home/sstuff/cpctelera/cpctelera/cpctelera.lib
                                          [ cpct_drawSolidBox_cbindings.rel ]
/home/sstuff/cpctelera/cpctelera/cpctelera.lib
                                          [ cpct_drawTileAligned2x4_f_asmbin ]
/home/sstuff/cpctelera/cpctelera/cpctelera.lib
                                          [ cpc_mode_rom_status.rel ]
/home/sstuff/cpctelera/cpctelera/cpctelera.lib
                                          [ cpct_getScreenPtr_cbindings.rel ]
/home/sstuff/cpctelera/cpctelera/cpctelera.lib
                                          [ cpct_drawSpriteMaskedAlignedTabl ]

ASxxxx Linker V03.00 + NoICE + sdld,  page 11.

User Base Address Definitions

_CODE = 0x2000
_DATA = 0x0000

